== SIS bot log snapshot @ 2026-08-17T00:58:33.409896 ==

===== ENROLL =====
2026-08-16T16:57:26.508Z enroll-bot v9 已加载
2026-08-16T16:57:31.592Z 选择 Sem 1
2026-08-16T16:57:32.263Z POST DERIVED_SSS_SCT_SSR_PB_GO -> 200 670ms
2026-08-16T16:57:32.423Z POST DERIVED_REGFRM1_LINK_ADD_ENRL$82$ -> 200 155ms
2026-08-16T16:57:32.427Z dryRun: blocked(符合预期，链路完整)
2026-08-16T16:57:39.204Z ⚠️ 标签页不可见，浏览器会钳制定时器！请保持前台
2026-08-16T16:57:39.204Z 亚秒级时钟同步中…
2026-08-16T16:57:40.037Z ⚠️ 定时器被钳制 (漂移 733ms)——请保持标签页前台！
2026-08-16T16:57:41.037Z ⚠️ 定时器被钳制 (漂移 900ms)——请保持标签页前台！
2026-08-16T16:57:42.037Z ⚠️ 定时器被钳制 (漂移 900ms)——请保持标签页前台！
2026-08-16T16:57:43.037Z ⚠️ 定时器被钳制 (漂移 899ms)——请保持标签页前台！
2026-08-16T16:57:44.036Z ⚠️ 定时器被钳制 (漂移 899ms)——请保持标签页前台！
2026-08-16T16:57:44.036Z 时钟偏差 -47ms (精度 ±60ms, 4 样本)
2026-08-16T16:57:44.095Z 第 1 轮连接池已预热
2026-08-16T16:57:45.036Z ⚠️ 定时器被钳制 (漂移 900ms)——请保持标签页前台！
2026-08-16T16:57:46.037Z ⚠️ 定时器被钳制 (漂移 901ms)——请保持标签页前台！
2026-08-16T16:57:46.047Z 选择 Sem 1
2026-08-16T16:57:46.699Z POST DERIVED_SSS_SCT_SSR_PB_GO -> 200 652ms
2026-08-16T16:57:46.702Z 第 1 轮请求体已预封装 (DERIVED_REGFRM1_LINK_ADD_ENRL$82$)
2026-08-16T16:57:46.735Z 第 1 轮 (term=0) 目标 2026-08-16T16:57:54.000Z，等待 7s
2026-08-16T16:57:47.037Z ⚠️ 定时器被钳制 (漂移 900ms)——请保持标签页前台！
2026-08-16T16:57:54.036Z 选择 Sem 1
2026-08-16T16:57:54.802Z POST DERIVED_SSS_SCT_SSR_PB_GO -> 200 766ms
2026-08-16T16:57:54.975Z POST [prepared DERIVED_REGFRM1_LINK_ADD_ENRL$82$] -> 200 168ms
2026-08-16T16:57:54.978Z 第 1 轮第 1 次 blocked，300ms 后重试（窗口至 16:58:02）
2026-08-16T16:57:55.036Z ⚠️ 定时器被钳制 (漂移 7899ms)——请保持标签页前台！
2026-08-16T16:57:56.037Z ⚠️ 定时器被钳制 (漂移 901ms)——请保持标签页前台！
2026-08-16T16:57:56.038Z 选择 Sem 1
2026-08-16T16:57:56.795Z POST DERIVED_SSS_SCT_SSR_PB_GO -> 200 756ms
2026-08-16T16:57:56.971Z POST DERIVED_REGFRM1_LINK_ADD_ENRL$82$ -> 200 173ms
2026-08-16T16:57:56.974Z 第 1 轮第 2 次 blocked，300ms 后重试（窗口至 16:58:02）
2026-08-16T16:57:57.036Z ⚠️ 定时器被钳制 (漂移 900ms)——请保持标签页前台！
2026-08-16T16:57:58.035Z ⚠️ 定时器被钳制 (漂移 899ms)——请保持标签页前台！
2026-08-16T16:57:58.035Z 选择 Sem 1
2026-08-16T16:57:58.745Z POST DERIVED_SSS_SCT_SSR_PB_GO -> 200 709ms
2026-08-16T16:57:58.886Z POST DERIVED_REGFRM1_LINK_ADD_ENRL$82$ -> 200 137ms
2026-08-16T16:57:58.890Z 第 1 轮第 3 次 blocked，300ms 后重试（窗口至 16:58:02）
2026-08-16T16:57:59.046Z ⚠️ 定时器被钳制 (漂移 911ms)——请保持标签页前台！
2026-08-16T16:58:00.038Z ⚠️ 定时器被钳制 (漂移 893ms)——请保持标签页前台！
2026-08-16T16:58:00.039Z 选择 Sem 1
2026-08-16T16:58:00.615Z POST DERIVED_SSS_SCT_SSR_PB_GO -> 200 576ms
2026-08-16T16:58:00.764Z POST DERIVED_REGFRM1_LINK_ADD_ENRL$82$ -> 200 145ms
2026-08-16T16:58:00.767Z 第 1 轮第 4 次 blocked，300ms 后重试（窗口至 16:58:02）
2026-08-16T16:58:01.035Z ⚠️ 定时器被钳制 (漂移 897ms)——请保持标签页前台！
2026-08-16T16:58:02.035Z 第 1 轮超过重试窗口仍未成功
2026-08-16T16:58:02.035Z 全部轮次结束

===== SNIPE =====
(该引擎未注入 / 会话无标签页: {"ok":false,"error":{"code":"tool_error","message":"session \"sis-snipe\" has no tab — navigate or find_tab first"}}
)
