== SIS bot log snapshot @ 2026-08-17T00:54:25.286157 ==

===== ENROLL =====
2026-08-16T16:39:47.009Z enroll-bot v9 已加载
2026-08-16T16:39:52.009Z 选择 Sem 1
2026-08-16T16:39:53.236Z POST DERIVED_SSS_SCT_SSR_PB_GO -> 200 1227ms
2026-08-16T16:39:53.402Z POST DERIVED_REGFRM1_LINK_ADD_ENRL$82$ -> 200 162ms
2026-08-16T16:39:53.406Z dryRun: blocked(符合预期，链路完整)
2026-08-16T16:44:23.953Z POST DERIVED_REGFRM1_LINK_ADD_ENRL$82$ -> 200 201ms
2026-08-16T16:44:23.956Z dryRun: blocked(符合预期，链路完整)
2026-08-16T16:44:27.247Z 亚秒级时钟同步中…
2026-08-16T16:44:28.349Z POST DERIVED_REGFRM1_LINK_ADD_ENRL$82$ -> 200 235ms
2026-08-16T16:44:28.352Z dryRun: blocked(符合预期，链路完整)
2026-08-16T16:44:31.821Z 时钟偏差 7ms (精度 ±60ms, 4 样本)
2026-08-16T16:44:36.039Z ⚠️ 定时器被钳制 (漂移 900ms)——请保持标签页前台！
2026-08-16T16:44:37.038Z ⚠️ 定时器被钳制 (漂移 900ms)——请保持标签页前台！
2026-08-16T16:44:38.039Z ⚠️ 定时器被钳制 (漂移 900ms)——请保持标签页前台！
2026-08-16T16:44:39.038Z ⚠️ 定时器被钳制 (漂移 899ms)——请保持标签页前台！
2026-08-16T16:44:40.038Z ⚠️ 定时器被钳制 (漂移 901ms)——请保持标签页前台！
2026-08-16T16:44:41.039Z ⚠️ 定时器被钳制 (漂移 901ms)——请保持标签页前台！
2026-08-16T16:44:42.038Z ⚠️ 定时器被钳制 (漂移 899ms)——请保持标签页前台！
2026-08-16T16:44:43.039Z ⚠️ 定时器被钳制 (漂移 901ms)——请保持标签页前台！
2026-08-16T16:44:44.038Z ⚠️ 定时器被钳制 (漂移 900ms)——请保持标签页前台！
2026-08-16T16:44:45.038Z ⚠️ 定时器被钳制 (漂移 899ms)——请保持标签页前台！
2026-08-16T16:44:46.037Z ⚠️ 定时器被钳制 (漂移 900ms)——请保持标签页前台！
2026-08-16T16:44:47.039Z ⚠️ 定时器被钳制 (漂移 902ms)——请保持标签页前台！
2026-08-16T16:44:48.038Z ⚠️ 定时器被钳制 (漂移 899ms)——请保持标签页前台！
2026-08-16T16:44:49.038Z ⚠️ 定时器被钳制 (漂移 900ms)——请保持标签页前台！
2026-08-16T16:44:50.038Z ⚠️ 定时器被钳制 (漂移 900ms)——请保持标签页前台！
2026-08-16T16:44:51.038Z ⚠️ 定时器被钳制 (漂移 900ms)——请保持标签页前台！
2026-08-16T16:44:52.038Z ⚠️ 定时器被钳制 (漂移 900ms)——请保持标签页前台！
2026-08-16T16:44:53.038Z ⚠️ 定时器被钳制 (漂移 900ms)——请保持标签页前台！
2026-08-16T16:44:54.040Z ⚠️ 定时器被钳制 (漂移 902ms)——请保持标签页前台！
2026-08-16T16:44:55.038Z ⚠️ 定时器被钳制 (漂移 899ms)——请保持标签页前台！
2026-08-16T16:44:56.039Z ⚠️ 定时器被钳制 (漂移 900ms)——请保持标签页前台！
2026-08-16T16:44:57.038Z ⚠️ 定时器被钳制 (漂移 899ms)——请保持标签页前台！
2026-08-16T16:44:58.038Z ⚠️ 定时器被钳制 (漂移 901ms)——请保持标签页前台！
2026-08-16T16:44:59.044Z ⚠️ 定时器被钳制 (漂移 906ms)——请保持标签页前台！
2026-08-16T16:45:00.038Z ⚠️ 定时器被钳制 (漂移 894ms)——请保持标签页前台！
2026-08-16T16:45:01.039Z ⚠️ 定时器被钳制 (漂移 901ms)——请保持标签页前台！
2026-08-16T16:45:02.038Z ⚠️ 定时器被钳制 (漂移 900ms)——请保持标签页前台！
2026-08-16T16:45:03.038Z ⚠️ 定时器被钳制 (漂移 900ms)——请保持标签页前台！
2026-08-16T16:45:04.039Z ⚠️ 定时器被钳制 (漂移 900ms)——请保持标签页前台！
2026-08-16T16:45:05.043Z ⚠️ 定时器被钳制 (漂移 904ms)——请保持标签页前台！
2026-08-16T16:45:06.038Z ⚠️ 定时器被钳制 (漂移 896ms)——请保持标签页前台！
2026-08-16T16:45:07.039Z ⚠️ 定时器被钳制 (漂移 900ms)——请保持标签页前台！
2026-08-16T16:45:08.038Z ⚠️ 定时器被钳制 (漂移 900ms)——请保持标签页前台！
2026-08-16T16:45:09.038Z ⚠️ 定时器被钳制 (漂移 899ms)——请保持标签页前台！
2026-08-16T16:45:10.040Z ⚠️ 定时器被钳制 (漂移 902ms)——请保持标签页前台！
2026-08-16T16:45:11.039Z ⚠️ 定时器被钳制 (漂移 899ms)——请保持标签页前台！
2026-08-16T16:45:12.040Z ⚠️ 定时器被钳制 (漂移 900ms)——请保持标签页前台！
2026-08-16T16:45:13.038Z ⚠️ 定时器被钳制 (漂移 898ms)——请保持标签页前台！
2026-08-16T16:45:14.037Z ⚠️ 定时器被钳制 (漂移 899ms)——请保持标签页前台！
2026-08-16T16:45:15.040Z ⚠️ 定时器被钳制 (漂移 903ms)——请保持标签页前台！
2026-08-16T16:45:16.038Z ⚠️ 定时器被钳制 (漂移 898ms)——请保持标签页前台！
2026-08-16T16:45:17.038Z ⚠️ 定时器被钳制 (漂移 900ms)——请保持标签页前台！
2026-08-16T16:45:18.038Z ⚠️ 定时器被钳制 (漂移 900ms)——请保持标签页前台！
2026-08-16T16:45:19.039Z ⚠️ 定时器被钳制 (漂移 901ms)——请保持标签页前台！
2026-08-16T16:45:20.040Z ⚠️ 定时器被钳制 (漂移 901ms)——请保持标签页前台！
2026-08-16T16:45:21.038Z ⚠️ 定时器被钳制 (漂移 898ms)——请保持标签页前台！
2026-08-16T16:45:22.038Z ⚠️ 定时器被钳制 (漂移 900ms)——请保持标签页前台！
2026-08-16T16:45:23.038Z ⚠️ 定时器被钳制 (漂移 901ms)——请保持标签页前台！
2026-08-16T16:45:24.037Z ⚠️ 定时器被钳制 (漂移 899ms)——请保持标签页前台！
2026-08-16T16:45:25.038Z ⚠️ 定时器被钳制 (漂移 901ms)——请保持标签页前台！
2026-08-16T16:45:26.039Z ⚠️ 定时器被钳制 (漂移 901ms)——请保持标签页前台！
2026-08-16T16:45:27.037Z ⚠️ 定时器被钳制 (漂移 899ms)——请保持标签页前台！
2026-08-16T16:45:28.037Z ⚠️ 定时器被钳制 (漂移 900ms)——请保持标签页前台！
2026-08-16T16:45:29.038Z ⚠️ 定时器被钳制 (漂移 901ms)——请保持标签页前台！
2026-08-16T16:45:30.038Z ⚠️ 定时器被钳制 (漂移 900ms)——请保持标签页前台！
2026-08-16T16:45:31.040Z ⚠️ 定时器被钳制 (漂移 902ms)——请保持标签页前台！
2026-08-16T16:45:32.038Z ⚠️ 定时器被钳制 (漂移 898ms)——请保持标签页前台！
2026-08-16T16:45:33.038Z ⚠️ 定时器被钳制 (漂移 900ms)——请保持标签页前台！
2026-08-16T16:45:34.039Z ⚠️ 定时器被钳制 (漂移 901ms)——请保持标签页前台！
2026-08-16T16:45:35.039Z ⚠️ 定时器被钳制 (漂移 900ms)——请保持标签页前台！
2026-08-16T16:45:36.038Z ⚠️ 定时器被钳制 (漂移 899ms)——请保持标签页前台！
2026-08-16T16:45:37.038Z ⚠️ 定时器被钳制 (漂移 900ms)——请保持标签页前台！
2026-08-16T16:45:38.040Z ⚠️ 定时器被钳制 (漂移 902ms)——请保持标签页前台！
2026-08-16T16:45:39.038Z ⚠️ 定时器被钳制 (漂移 898ms)——请保持标签页前台！
2026-08-16T16:45:40.038Z ⚠️ 定时器被钳制 (漂移 900ms)——请保持标签页前台！
2026-08-16T16:45:41.038Z ⚠️ 定时器被钳制 (漂移 900ms)——请保持标签页前台！
2026-08-16T16:45:42.038Z ⚠️ 定时器被钳制 (漂移 900ms)——请保持标签页前台！
2026-08-16T16:45:43.038Z ⚠️ 定时器被钳制 (漂移 900ms)——请保持标签页前台！
2026-08-16T16:45:44.038Z ⚠️ 定时器被钳制 (漂移 901ms)——请保持标签页前台！
2026-08-16T16:45:45.040Z ⚠️ 定时器被钳制 (漂移 902ms)——请保持标签页前台！
2026-08-16T16:45:46.039Z ⚠️ 定时器被钳制 (漂移 899ms)——请保持标签页前台！
2026-08-16T16:45:46.758Z 选择 Sem 1
2026-08-16T16:45:47.038Z ⚠️ 定时器被钳制 (漂移 899ms)——请保持标签页前台！
2026-08-16T16:45:47.610Z POST DERIVED_SSS_SCT_SSR_PB_GO -> 200 851ms
2026-08-16T16:45:47.794Z POST DERIVED_REGFRM1_LINK_ADD_ENRL$82$ -> 200 179ms
2026-08-16T16:45:47.796Z dryRun: blocked(符合预期，链路完整)
2026-08-16T16:45:48.038Z ⚠️ 定时器被钳制 (漂移 900ms)——请保持标签页前台！
2026-08-16T16:45:49.039Z ⚠️ 定时器被钳制 (漂移 901ms)——请保持标签页前台！
2026-08-16T16:45:50.039Z ⚠️ 定时器被钳制 (漂移 900ms)——请保持标签页前台！
2026-08-16T16:45:51.038Z ⚠️ 定时器被钳制 (漂移 899ms)——请保持标签页前台！
2026-08-16T16:45:52.039Z ⚠️ 定时器被钳制 (漂移 901ms)——请保持标签页前台！
2026-08-16T16:45:53.042Z ⚠️ 定时器被钳制 (漂移 903ms)——请保持标签页前台！
2026-08-16T16:45:54.038Z ⚠️ 定时器被钳制 (漂移 896ms)——请保持标签页前台！
2026-08-16T16:45:55.040Z ⚠️ 定时器被钳制 (漂移 901ms)——请保持标签页前台！
2026-08-16T16:45:56.038Z ⚠️ 定时器被钳制 (漂移 898ms)——请保持标签页前台！
2026-08-16T16:45:57.038Z ⚠️ 定时器被钳制 (漂移 900ms)——请保持标签页前台！
2026-08-16T16:45:58.038Z ⚠️ 定时器被钳制 (漂移 900ms)——请保持标签页前台！
2026-08-16T16:45:59.048Z ⚠️ 定时器被钳制 (漂移 910ms)——请保持标签页前台！
2026-08-16T16:46:00.037Z ⚠️ 定时器被钳制 (漂移 889ms)——请保持标签页前台！
2026-08-16T16:46:01.039Z ⚠️ 定时器被钳制 (漂移 902ms)——请保持标签页前台！
2026-08-16T16:46:02.039Z ⚠️ 定时器被钳制 (漂移 900ms)——请保持标签页前台！
2026-08-16T16:46:03.038Z ⚠️ 定时器被钳制 (漂移 899ms)——请保持标签页前台！
2026-08-16T16:46:04.039Z ⚠️ 定时器被钳制 (漂移 901ms)——请保持标签页前台！
2026-08-16T16:46:05.038Z ⚠️ 定时器被钳制 (漂移 898ms)——请保持标签页前台！
2026-08-16T16:46:06.042Z ⚠️ 定时器被钳制 (漂移 905ms)——请保持标签页前台！
2026-08-16T16:46:07.038Z ⚠️ 定时器被钳制 (漂移 896ms)——请保持标签页前台！
2026-08-16T16:46:08.038Z ⚠️ 定时器被钳制 (漂移 900ms)——请保持标签页前台！
2026-08-16T16:46:09.038Z ⚠️ 定时器被钳制 (漂移 900ms)——请保持标签页前台！
2026-08-16T16:46:10.042Z ⚠️ 定时器被钳制 (漂移 904ms)——请保持标签页前台！
2026-08-16T16:46:11.041Z ⚠️ 定时器被钳制 (漂移 899ms)——请保持标签页前台！
2026-08-16T16:46:12.038Z ⚠️ 定时器被钳制 (漂移 897ms)——请保持标签页前台！
2026-08-16T16:46:13.038Z ⚠️ 定时器被钳制 (漂移 900ms)——请保持标签页前台！
2026-08-16T16:46:14.039Z ⚠️ 定时器被钳制 (漂移 901ms)——请保持标签页前台！
2026-08-16T16:46:15.038Z ⚠️ 定时器被钳制 (漂移 899ms)——请保持标签页前台！
2026-08-16T16:46:16.038Z ⚠️ 定时器被钳制 (漂移 900ms)——请保持标签页前台！
2026-08-16T16:46:17.038Z ⚠️ 定时器被钳制 (漂移 900ms)——请保持标签页前台！
2026-08-16T16:46:18.038Z ⚠️ 定时器被钳制 (漂移 899ms)——请保持标签页前台！
2026-08-16T16:46:19.038Z ⚠️ 定时器被钳制 (漂移 900ms)——请保持标签页前台！
2026-08-16T16:46:20.041Z ⚠️ 定时器被钳制 (漂移 903ms)——请保持标签页前台！
2026-08-16T16:46:21.038Z ⚠️ 定时器被钳制 (漂移 897ms)——请保持标签页前台！
2026-08-16T16:46:22.038Z ⚠️ 定时器被钳制 (漂移 900ms)——请保持标签页前台！
2026-08-16T16:46:23.038Z ⚠️ 定时器被钳制 (漂移 901ms)——请保持标签页前台！
2026-08-16T16:46:24.038Z ⚠️ 定时器被钳制 (漂移 900ms)——请保持标签页前台！
2026-08-16T16:46:25.038Z ⚠️ 定时器被钳制 (漂移 900ms)——请保持标签页前台！
2026-08-16T16:46:26.038Z ⚠️ 定时器被钳制 (漂移 900ms)——请保持标签页前台！
2026-08-16T16:46:27.038Z ⚠️ 定时器被钳制 (漂移 900ms)——请保持标签页前台！
2026-08-16T16:46:28.038Z ⚠️ 定时器被钳制 (漂移 900ms)——请保持标签页前台！
2026-08-16T16:46:29.038Z ⚠️ 定时器被钳制 (漂移 900ms)——请保持标签页前台！
2026-08-16T16:46:30.038Z ⚠️ 定时器被钳制 (漂移 900ms)——请保持标签页前台！
2026-08-16T16:46:31.039Z ⚠️ 定时器被钳制 (漂移 902ms)——请保持标签页前台！
2026-08-16T16:46:32.038Z ⚠️ 定时器被钳制 (漂移 899ms)——请保持标签页前台！
2026-08-16T16:46:33.039Z ⚠️ 定时器被钳制 (漂移 901ms)——请保持标签页前台！
2026-08-16T16:46:34.039Z ⚠️ 定时器被钳制 (漂移 900ms)——请保持标签页前台！
2026-08-16T16:46:35.038Z ⚠️ 定时器被钳制 (漂移 899ms)——请保持标签页前台！
2026-08-16T16:46:36.037Z ⚠️ 定时器被钳制 (漂移 899ms)——请保持标签页前台！
2026-08-16T16:46:37.037Z ⚠️ 定时器被钳制 (漂移 900ms)——请保持标签页前台！
2026-08-16T16:46:38.038Z ⚠️ 定时器被钳制 (漂移 901ms)——请保持标签页前台！
2026-08-16T16:46:39.038Z ⚠️ 定时器被钳制 (漂移 900ms)——请保持标签页前台！
2026-08-16T16:46:40.038Z ⚠️ 定时器被钳制 (漂移 899ms)——请保持标签页前台！
2026-08-16T16:46:41.038Z ⚠️ 定时器被钳制 (漂移 900ms)——请保持标签页前台！
2026-08-16T16:46:42.039Z ⚠️ 定时器被钳制 (漂移 901ms)——请保持标签页前台！
2026-08-16T16:46:43.038Z ⚠️ 定时器被钳制 (漂移 899ms)——请保持标签页前台！
2026-08-16T16:46:44.037Z ⚠️ 定时器被钳制 (漂移 899ms)——请保持标签页前台！
2026-08-16T16:46:45.037Z ⚠️ 定时器被钳制 (漂移 900ms)——请保持标签页前台！
2026-08-16T16:46:46.039Z ⚠️ 定时器被钳制 (漂移 902ms)——请保持标签页前台！
2026-08-16T16:46:47.038Z ⚠️ 定时器被钳制 (漂移 898ms)——请保持标签页前台！
2026-08-16T16:46:48.038Z ⚠️ 定时器被钳制 (漂移 900ms)——请保持标签页前台！
2026-08-16T16:46:49.040Z ⚠️ 定时器被钳制 (漂移 902ms)——请保持标签页前台！
2026-08-16T16:46:50.038Z ⚠️ 定时器被钳制 (漂移 899ms)——请保持标签页前台！
2026-08-16T16:46:51.037Z ⚠️ 定时器被钳制 (漂移 899ms)——请保持标签页前台！
2026-08-16T16:46:52.037Z ⚠️ 定时器被钳制 (漂移 900ms)——请保持标签页前台！
2026-08-16T16:46:53.038Z ⚠️ 定时器被钳制 (漂移 901ms)——请保持标签页前台！
2026-08-16T16:46:54.038Z ⚠️ 定时器被钳制 (漂移 901ms)——请保持标签页前台！
2026-08-16T16:46:55.038Z ⚠️ 定时器被钳制 (漂移 900ms)——请保持标签页前台！
2026-08-16T16:46:56.038Z ⚠️ 定时器被钳制 (漂移 900ms)——请保持标签页前台！
2026-08-16T16:46:57.039Z ⚠️ 定时器被钳制 (漂移 901ms)——请保持标签页前台！
2026-08-16T16:46:58.038Z ⚠️ 定时器被钳制 (漂移 900ms)——请保持标签页前台！
2026-08-16T16:46:59.045Z ⚠️ 定时器被钳制 (漂移 907ms)——请保持标签页前台！
2026-08-16T16:47:00.039Z ⚠️ 定时器被钳制 (漂移 894ms)——请保持标签页前台！
2026-08-16T16:47:01.041Z ⚠️ 定时器被钳制 (漂移 902ms)——请保持标签页前台！
2026-08-16T16:47:02.039Z ⚠️ 定时器被钳制 (漂移 898ms)——请保持标签页前台！
2026-08-16T16:47:03.038Z ⚠️ 定时器被钳制 (漂移 899ms)——请保持标签页前台！
2026-08-16T16:47:04.039Z ⚠️ 定时器被钳制 (漂移 901ms)——请保持标签页前台！
2026-08-16T16:47:05.039Z ⚠️ 定时器被钳制 (漂移 901ms)——请保持标签页前台！
2026-08-16T16:47:06.039Z ⚠️ 定时器被钳制 (漂移 900ms)——请保持标签页前台！
2026-08-16T16:47:07.038Z ⚠️ 定时器被钳制 (漂移 899ms)——请保持标签页前台！
2026-08-16T16:47:08.038Z ⚠️ 定时器被钳制 (漂移 900ms)——请保持标签页前台！
2026-08-16T16:47:09.038Z ⚠️ 定时器被钳制 (漂移 900ms)——请保持标签页前台！
2026-08-16T16:47:10.041Z ⚠️ 定时器被钳制 (漂移 902ms)——请保持标签页前台！
2026-08-16T16:47:11.038Z ⚠️ 定时器被钳制 (漂移 898ms)——请保持标签页前台！
2026-08-16T16:47:12.038Z ⚠️ 定时器被钳制 (漂移 900ms)——请保持标签页前台！
2026-08-16T16:47:13.038Z ⚠️ 定时器被钳制 (漂移 900ms)——请保持标签页前台！
2026-08-16T16:47:14.039Z ⚠️ 定时器被钳制 (漂移 902ms)——请保持标签页前台！
2026-08-16T16:47:15.038Z ⚠️ 定时器被钳制 (漂移 899ms)——请保持标签页前台！
2026-08-16T16:47:16.040Z ⚠️ 定时器被钳制 (漂移 902ms)——请保持标签页前台！
2026-08-16T16:47:17.038Z ⚠️ 定时器被钳制 (漂移 898ms)——请保持标签页前台！
2026-08-16T16:47:18.039Z ⚠️ 定时器被钳制 (漂移 901ms)——请保持标签页前台！
2026-08-16T16:47:19.038Z ⚠️ 定时器被钳制 (漂移 899ms)——请保持标签页前台！
2026-08-16T16:47:20.041Z ⚠️ 定时器被钳制 (漂移 903ms)——请保持标签页前台！
2026-08-16T16:47:21.039Z ⚠️ 定时器被钳制 (漂移 898ms)——请保持标签页前台！
2026-08-16T16:47:22.038Z ⚠️ 定时器被钳制 (漂移 900ms)——请保持标签页前台！
2026-08-16T16:47:23.037Z ⚠️ 定时器被钳制 (漂移 899ms)——请保持标签页前台！
2026-08-16T16:47:24.038Z ⚠️ 定时器被钳制 (漂移 901ms)——请保持标签页前台！
2026-08-16T16:47:25.038Z ⚠️ 定时器被钳制 (漂移 900ms)——请保持标签页前台！
2026-08-16T16:47:26.038Z ⚠️ 定时器被钳制 (漂移 900ms)——请保持标签页前台！
2026-08-16T16:47:27.038Z ⚠️ 定时器被钳制 (漂移 900ms)——请保持标签页前台！
2026-08-16T16:47:28.038Z ⚠️ 定时器被钳制 (漂移 900ms)——请保持标签页前台！
2026-08-16T16:47:29.039Z ⚠️ 定时器被钳制 (漂移 902ms)——请保持标签页前台！
2026-08-16T16:47:30.038Z ⚠️ 定时器被钳制 (漂移 899ms)——请保持标签页前台！
2026-08-16T16:47:31.039Z ⚠️ 定时器被钳制 (漂移 901ms)——请保持标签页前台！
2026-08-16T16:47:32.039Z ⚠️ 定时器被钳制 (漂移 900ms)——请保持标签页前台！
2026-08-16T16:47:33.037Z ⚠️ 定时器被钳制 (漂移 898ms)——请保持标签页前台！
2026-08-16T16:47:34.038Z ⚠️ 定时器被钳制 (漂移 901ms)——请保持标签页前台！
2026-08-16T16:47:35.039Z ⚠️ 定时器被钳制 (漂移 901ms)——请保持标签页前台！
2026-08-16T16:47:36.038Z ⚠️ 定时器被钳制 (漂移 899ms)——请保持标签页前台！
2026-08-16T16:47:37.038Z ⚠️ 定时器被钳制 (漂移 900ms)——请保持标签页前台！
2026-08-16T16:47:38.038Z ⚠️ 定时器被钳制 (漂移 900ms)——请保持标签页前台！
2026-08-16T16:47:39.038Z ⚠️ 定时器被钳制 (漂移 900ms)——请保持标签页前台！
2026-08-16T16:47:40.038Z ⚠️ 定时器被钳制 (漂移 900ms)——请保持标签页前台！
2026-08-16T16:47:41.039Z ⚠️ 定时器被钳制 (漂移 902ms)——请保持标签页前台！
2026-08-16T16:47:42.039Z ⚠️ 定时器被钳制 (漂移 900ms)——请保持标签页前台！
2026-08-16T16:47:43.038Z ⚠️ 定时器被钳制 (漂移 899ms)——请保持标签页前台！
2026-08-16T16:47:44.039Z ⚠️ 定时器被钳制 (漂移 901ms)——请保持标签页前台！
2026-08-16T16:47:45.039Z ⚠️ 定时器被钳制 (漂移 900ms)——请保持标签页前台！
2026-08-16T16:47:46.038Z ⚠️ 定时器被钳制 (漂移 899ms)——请保持标签页前台！
2026-08-16T16:47:47.037Z ⚠️ 定时器被钳制 (漂移 899ms)——请保持标签页前台！
2026-08-16T16:47:48.038Z ⚠️ 定时器被钳制 (漂移 901ms)——请保持标签页前台！
2026-08-16T16:47:49.038Z ⚠️ 定时器被钳制 (漂移 900ms)——请保持标签页前台！
2026-08-16T16:47:50.038Z ⚠️ 定时器被钳制 (漂移 900ms)——请保持标签页前台！
2026-08-16T16:47:51.038Z ⚠️ 定时器被钳制 (漂移 901ms)——请保持标签页前台！
2026-08-16T16:47:52.037Z ⚠️ 定时器被钳制 (漂移 899ms)——请保持标签页前台！
2026-08-16T16:47:53.038Z ⚠️ 定时器被钳制 (漂移 901ms)——请保持标签页前台！
2026-08-16T16:47:54.038Z ⚠️ 定时器被钳制 (漂移 899ms)——请保持标签页前台！
2026-08-16T16:47:55.038Z ⚠️ 定时器被钳制 (漂移 900ms)——请保持标签页前台！
2026-08-16T16:47:56.038Z ⚠️ 定时器被钳制 (漂移 900ms)——请保持标签页前台！
2026-08-16T16:47:56.780Z 手动停止
2026-08-16T16:47:57.038Z ⚠️ 定时器被钳制 (漂移 900ms)——请保持标签页前台！
2026-08-16T16:47:58.037Z ⚠️ 定时器被钳制 (漂移 900ms)——请保持标签页前台！
2026-08-16T16:47:59.044Z ⚠️ 定时器被钳制 (漂移 907ms)——请保持标签页前台！
2026-08-16T16:48:00.038Z ⚠️ 定时器被钳制 (漂移 893ms)——请保持标签页前台！
2026-08-16T16:48:01.037Z ⚠️ 定时器被钳制 (漂移 900ms)——请保持标签页前台！
2026-08-16T16:48:02.038Z ⚠️ 定时器被钳制 (漂移 900ms)——请保持标签页前台！
2026-08-16T16:48:03.039Z ⚠️ 定时器被钳制 (漂移 901ms)——请保持标签页前台！
2026-08-16T16:48:04.038Z ⚠️ 定时器被钳制 (漂移 899ms)——请保持标签页前台！
2026-08-16T16:48:05.038Z ⚠️ 定时器被钳制 (漂移 900ms)——请保持标签页前台！
2026-08-16T16:48:05.041Z 全部轮次结束

===== SNIPE =====
(该引擎未注入 / 会话无标签页: {"ok":false,"error":{"code":"tool_error","message":"session \"sis-snipe\" has no tab — navigate or find_tab first"}}
)
